// Jest Snapshot v1, https://goo.gl/fbAQLP

exports[`Test <RouteSwitch /> should render an html markup 1`] = `
<DocumentFragment>
  <div
    class="MuiBox-root MuiBox-root-1"
  />
</DocumentFragment>
`;
