// Jest Snapshot v1, https://goo.gl/fbAQLP

exports[`Test <NotFound /> should render an html markup 1`] = `
<DocumentFragment>
  <p>
    There is nothing to see
  </p>
</DocumentFragment>
`;
